+---+---+---+
|397|516|482|
|862|934|571|
|415|287|963|
+---+---+---+
|978|143|625|
|241|865|397|
|536|792|814|
+---+---+---+
|153|628|749|
|624|379|158|
|789|451|236|
+---+---+---+
