+---+---+---+
|742|369|815|
|815|742|396|
|936|581|724|
+---+---+---+
|651|928|437|
|493|157|268|
|287|436|159|
+---+---+---+
|169|873|542|
|528|614|973|
|374|295|681|
+---+---+---+
