+---+---+---+
|349|512|876|
|256|987|143|
|781|463|952|
+---+---+---+
|593|874|261|
|864|251|739|
|172|396|485|
+---+---+---+
|917|645|328|
|628|739|514|
|435|128|697|
+---+---+---+
