+---+---+---+
|894|315|672|
|257|496|813|
|136|782|594|
+---+---+---+
|478|159|236|
|321|648|759|
|569|273|481|
+---+---+---+
|912|867|345|
|685|934|127|
|743|521|968|
+---+---+---+
